/projects/nar/nar-validation/e28-env/lib/python3.11/site-packages/transformers/utils/generic.py:441: FutureWarning: `torch.utils._pytree._register_pytree_node` is deprecated. Please use `torch.utils._pytree.register_pytree_node` instead.
  _torch_pytree._register_pytree_node(
/projects/_hdd/nar/nar-validation/external/quarot/quarot/functional/quantization.py:10: UserWarning: To copy construct from a tensor, it is recommended to use sourceTensor.clone().detach() or sourceTensor.clone().detach().requires_grad_(True), rather than torch.tensor(sourceTensor).
  minq = torch.tensor(-maxq -1)
/projects/nar/nar-validation/e28-env/lib/python3.11/site-packages/transformers/utils/generic.py:441: FutureWarning: `torch.utils._pytree._register_pytree_node` is deprecated. Please use `torch.utils._pytree.register_pytree_node` instead.
  _torch_pytree._register_pytree_node(
/home/yanlongc/e28-v2-work/results/e28_v2/20260912_a40_v2_full_int4/local_build/quarot/functional/quantization.py:10: UserWarning: To copy construct from a tensor, it is recommended to use sourceTensor.clone().detach() or sourceTensor.clone().detach().requires_grad_(True), rather than torch.tensor(sourceTensor).
  minq = torch.tensor(-maxq -1)
/projects/nar/nar-validation/e28-env/lib/python3.11/site-packages/transformers/utils/generic.py:441: FutureWarning: `torch.utils._pytree._register_pytree_node` is deprecated. Please use `torch.utils._pytree.register_pytree_node` instead.
  _torch_pytree._register_pytree_node(
/projects/nar/nar-validation/e28-env/lib/python3.11/site-packages/transformers/utils/generic.py:309: FutureWarning: `torch.utils._pytree._register_pytree_node` is deprecated. Please use `torch.utils._pytree.register_pytree_node` instead.
  _torch_pytree._register_pytree_node(
/projects/nar/nar-validation/e28-env/lib/python3.11/site-packages/transformers/utils/generic.py:309: FutureWarning: `torch.utils._pytree._register_pytree_node` is deprecated. Please use `torch.utils._pytree.register_pytree_node` instead.
  _torch_pytree._register_pytree_node(
/projects/nar/nar-validation/e28-env/lib/python3.11/site-packages/transformers/utils/generic.py:441: FutureWarning: `torch.utils._pytree._register_pytree_node` is deprecated. Please use `torch.utils._pytree.register_pytree_node` instead.
  _torch_pytree._register_pytree_node(
/projects/nar/nar-validation/e28-env/lib/python3.11/site-packages/transformers/utils/generic.py:309: FutureWarning: `torch.utils._pytree._register_pytree_node` is deprecated. Please use `torch.utils._pytree.register_pytree_node` instead.
  _torch_pytree._register_pytree_node(
/projects/nar/nar-validation/e28-env/lib/python3.11/site-packages/transformers/utils/generic.py:309: FutureWarning: `torch.utils._pytree._register_pytree_node` is deprecated. Please use `torch.utils._pytree.register_pytree_node` instead.
  _torch_pytree._register_pytree_node(
/projects/nar/nar-validation/e28-env/lib/python3.11/site-packages/transformers/utils/generic.py:441: FutureWarning: `torch.utils._pytree._register_pytree_node` is deprecated. Please use `torch.utils._pytree.register_pytree_node` instead.
  _torch_pytree._register_pytree_node(
/projects/nar/nar-validation/e28-env/lib/python3.11/site-packages/transformers/utils/generic.py:309: FutureWarning: `torch.utils._pytree._register_pytree_node` is deprecated. Please use `torch.utils._pytree.register_pytree_node` instead.
  _torch_pytree._register_pytree_node(
/projects/nar/nar-validation/e28-env/lib/python3.11/site-packages/transformers/utils/generic.py:309: FutureWarning: `torch.utils._pytree._register_pytree_node` is deprecated. Please use `torch.utils._pytree.register_pytree_node` instead.
  _torch_pytree._register_pytree_node(
/projects/nar/nar-validation/e28-env/lib/python3.11/site-packages/transformers/utils/generic.py:441: FutureWarning: `torch.utils._pytree._register_pytree_node` is deprecated. Please use `torch.utils._pytree.register_pytree_node` instead.
  _torch_pytree._register_pytree_node(
/projects/nar/nar-validation/e28-env/lib/python3.11/site-packages/transformers/utils/generic.py:309: FutureWarning: `torch.utils._pytree._register_pytree_node` is deprecated. Please use `torch.utils._pytree.register_pytree_node` instead.
  _torch_pytree._register_pytree_node(
/projects/nar/nar-validation/e28-env/lib/python3.11/site-packages/transformers/utils/generic.py:309: FutureWarning: `torch.utils._pytree._register_pytree_node` is deprecated. Please use `torch.utils._pytree.register_pytree_node` instead.
  _torch_pytree._register_pytree_node(
/projects/nar/nar-validation/e28-env/lib/python3.11/site-packages/transformers/utils/generic.py:441: FutureWarning: `torch.utils._pytree._register_pytree_node` is deprecated. Please use `torch.utils._pytree.register_pytree_node` instead.
  _torch_pytree._register_pytree_node(
/projects/nar/nar-validation/e28-env/lib/python3.11/site-packages/transformers/utils/generic.py:309: FutureWarning: `torch.utils._pytree._register_pytree_node` is deprecated. Please use `torch.utils._pytree.register_pytree_node` instead.
  _torch_pytree._register_pytree_node(
/projects/nar/nar-validation/e28-env/lib/python3.11/site-packages/transformers/utils/generic.py:309: FutureWarning: `torch.utils._pytree._register_pytree_node` is deprecated. Please use `torch.utils._pytree.register_pytree_node` instead.
  _torch_pytree._register_pytree_node(
/projects/nar/nar-validation/e28-env/lib/python3.11/site-packages/transformers/utils/generic.py:441: FutureWarning: `torch.utils._pytree._register_pytree_node` is deprecated. Please use `torch.utils._pytree.register_pytree_node` instead.
  _torch_pytree._register_pytree_node(
/projects/nar/nar-validation/e28-env/lib/python3.11/site-packages/transformers/utils/generic.py:309: FutureWarning: `torch.utils._pytree._register_pytree_node` is deprecated. Please use `torch.utils._pytree.register_pytree_node` instead.
  _torch_pytree._register_pytree_node(
/projects/nar/nar-validation/e28-env/lib/python3.11/site-packages/transformers/utils/generic.py:309: FutureWarning: `torch.utils._pytree._register_pytree_node` is deprecated. Please use `torch.utils._pytree.register_pytree_node` instead.
  _torch_pytree._register_pytree_node(
/projects/nar/nar-validation/e28-env/lib/python3.11/site-packages/transformers/utils/generic.py:441: FutureWarning: `torch.utils._pytree._register_pytree_node` is deprecated. Please use `torch.utils._pytree.register_pytree_node` instead.
  _torch_pytree._register_pytree_node(
/projects/nar/nar-validation/e28-env/lib/python3.11/site-packages/transformers/utils/generic.py:309: FutureWarning: `torch.utils._pytree._register_pytree_node` is deprecated. Please use `torch.utils._pytree.register_pytree_node` instead.
  _torch_pytree._register_pytree_node(
/projects/nar/nar-validation/e28-env/lib/python3.11/site-packages/transformers/utils/generic.py:309: FutureWarning: `torch.utils._pytree._register_pytree_node` is deprecated. Please use `torch.utils._pytree.register_pytree_node` instead.
  _torch_pytree._register_pytree_node(
GRAPH_PANEL 3b_fp16_eager_sequence_decode_s1 0 2.623
GRAPH_PANEL 3b_fp16_eager_sequence_decode_s1 10 2.64348
GRAPH_PANEL 3b_fp16_eager_sequence_decode_s1 20 2.64524
GRAPH_PANEL 3b_fp16_eager_sequence_decode_s1 30 2.61914
GRAPH_PANEL 3b_fp16_eager_sequence_decode_s1 40 2.62632
/projects/nar/nar-validation/e28-env/lib/python3.11/site-packages/transformers/utils/generic.py:441: FutureWarning: `torch.utils._pytree._register_pytree_node` is deprecated. Please use `torch.utils._pytree.register_pytree_node` instead.
  _torch_pytree._register_pytree_node(
/projects/nar/nar-validation/e28-env/lib/python3.11/site-packages/transformers/utils/generic.py:309: FutureWarning: `torch.utils._pytree._register_pytree_node` is deprecated. Please use `torch.utils._pytree.register_pytree_node` instead.
  _torch_pytree._register_pytree_node(
/projects/nar/nar-validation/e28-env/lib/python3.11/site-packages/transformers/utils/generic.py:309: FutureWarning: `torch.utils._pytree._register_pytree_node` is deprecated. Please use `torch.utils._pytree.register_pytree_node` instead.
  _torch_pytree._register_pytree_node(
GRAPH_PANEL 3b_fp16_cuda_graph_sequence_decode_s1 0 1.80444
GRAPH_PANEL 3b_fp16_cuda_graph_sequence_decode_s1 10 1.80454
GRAPH_PANEL 3b_fp16_cuda_graph_sequence_decode_s1 20 1.80445
GRAPH_PANEL 3b_fp16_cuda_graph_sequence_decode_s1 30 1.80451
GRAPH_PANEL 3b_fp16_cuda_graph_sequence_decode_s1 40 1.8044
/projects/nar/nar-validation/e28-env/lib/python3.11/site-packages/transformers/utils/generic.py:441: FutureWarning: `torch.utils._pytree._register_pytree_node` is deprecated. Please use `torch.utils._pytree.register_pytree_node` instead.
  _torch_pytree._register_pytree_node(
/projects/nar/nar-validation/e28-env/lib/python3.11/site-packages/transformers/utils/generic.py:309: FutureWarning: `torch.utils._pytree._register_pytree_node` is deprecated. Please use `torch.utils._pytree.register_pytree_node` instead.
  _torch_pytree._register_pytree_node(
/projects/nar/nar-validation/e28-env/lib/python3.11/site-packages/transformers/utils/generic.py:309: FutureWarning: `torch.utils._pytree._register_pytree_node` is deprecated. Please use `torch.utils._pytree.register_pytree_node` instead.
  _torch_pytree._register_pytree_node(
GRAPH_PANEL 3b_hadamard_eager_sequence_decode_s1 0 5.011
GRAPH_PANEL 3b_hadamard_eager_sequence_decode_s1 10 5.14739
GRAPH_PANEL 3b_hadamard_eager_sequence_decode_s1 20 5.14318
GRAPH_PANEL 3b_hadamard_eager_sequence_decode_s1 30 5.16612
GRAPH_PANEL 3b_hadamard_eager_sequence_decode_s1 40 5.15847
/projects/nar/nar-validation/e28-env/lib/python3.11/site-packages/transformers/utils/generic.py:441: FutureWarning: `torch.utils._pytree._register_pytree_node` is deprecated. Please use `torch.utils._pytree.register_pytree_node` instead.
  _torch_pytree._register_pytree_node(
/projects/nar/nar-validation/e28-env/lib/python3.11/site-packages/transformers/utils/generic.py:309: FutureWarning: `torch.utils._pytree._register_pytree_node` is deprecated. Please use `torch.utils._pytree.register_pytree_node` instead.
  _torch_pytree._register_pytree_node(
/projects/nar/nar-validation/e28-env/lib/python3.11/site-packages/transformers/utils/generic.py:309: FutureWarning: `torch.utils._pytree._register_pytree_node` is deprecated. Please use `torch.utils._pytree.register_pytree_node` instead.
  _torch_pytree._register_pytree_node(
GRAPH_PANEL 3b_hadamard_cuda_graph_sequence_decode_s1 0 1.95983
GRAPH_PANEL 3b_hadamard_cuda_graph_sequence_decode_s1 10 1.95936
GRAPH_PANEL 3b_hadamard_cuda_graph_sequence_decode_s1 20 1.95944
GRAPH_PANEL 3b_hadamard_cuda_graph_sequence_decode_s1 30 1.95951
GRAPH_PANEL 3b_hadamard_cuda_graph_sequence_decode_s1 40 1.95943
/projects/nar/nar-validation/e28-env/lib/python3.11/site-packages/transformers/utils/generic.py:441: FutureWarning: `torch.utils._pytree._register_pytree_node` is deprecated. Please use `torch.utils._pytree.register_pytree_node` instead.
  _torch_pytree._register_pytree_node(
/projects/nar/nar-validation/e28-env/lib/python3.11/site-packages/transformers/utils/generic.py:309: FutureWarning: `torch.utils._pytree._register_pytree_node` is deprecated. Please use `torch.utils._pytree.register_pytree_node` instead.
  _torch_pytree._register_pytree_node(
/projects/nar/nar-validation/e28-env/lib/python3.11/site-packages/transformers/utils/generic.py:309: FutureWarning: `torch.utils._pytree._register_pytree_node` is deprecated. Please use `torch.utils._pytree.register_pytree_node` instead.
  _torch_pytree._register_pytree_node(
GRAPH_PANEL 3b_nar_eager_sequence_decode_s1 0 5.18099
GRAPH_PANEL 3b_nar_eager_sequence_decode_s1 10 5.17601
GRAPH_PANEL 3b_nar_eager_sequence_decode_s1 20 5.29572
GRAPH_PANEL 3b_nar_eager_sequence_decode_s1 30 5.19539
GRAPH_PANEL 3b_nar_eager_sequence_decode_s1 40 5.24354
/projects/nar/nar-validation/e28-env/lib/python3.11/site-packages/transformers/utils/generic.py:441: FutureWarning: `torch.utils._pytree._register_pytree_node` is deprecated. Please use `torch.utils._pytree.register_pytree_node` instead.
  _torch_pytree._register_pytree_node(
/projects/nar/nar-validation/e28-env/lib/python3.11/site-packages/transformers/utils/generic.py:309: FutureWarning: `torch.utils._pytree._register_pytree_node` is deprecated. Please use `torch.utils._pytree.register_pytree_node` instead.
  _torch_pytree._register_pytree_node(
/projects/nar/nar-validation/e28-env/lib/python3.11/site-packages/transformers/utils/generic.py:309: FutureWarning: `torch.utils._pytree._register_pytree_node` is deprecated. Please use `torch.utils._pytree.register_pytree_node` instead.
  _torch_pytree._register_pytree_node(
GRAPH_PANEL 3b_nar_cuda_graph_sequence_decode_s1 0 1.9983
GRAPH_PANEL 3b_nar_cuda_graph_sequence_decode_s1 10 1.99826
GRAPH_PANEL 3b_nar_cuda_graph_sequence_decode_s1 20 1.99824
GRAPH_PANEL 3b_nar_cuda_graph_sequence_decode_s1 30 1.99798
GRAPH_PANEL 3b_nar_cuda_graph_sequence_decode_s1 40 1.99817
/projects/nar/nar-validation/e28-env/lib/python3.11/site-packages/transformers/utils/generic.py:441: FutureWarning: `torch.utils._pytree._register_pytree_node` is deprecated. Please use `torch.utils._pytree.register_pytree_node` instead.
  _torch_pytree._register_pytree_node(
/projects/nar/nar-validation/e28-env/lib/python3.11/site-packages/transformers/utils/generic.py:309: FutureWarning: `torch.utils._pytree._register_pytree_node` is deprecated. Please use `torch.utils._pytree.register_pytree_node` instead.
  _torch_pytree._register_pytree_node(
/projects/nar/nar-validation/e28-env/lib/python3.11/site-packages/transformers/utils/generic.py:309: FutureWarning: `torch.utils._pytree._register_pytree_node` is deprecated. Please use `torch.utils._pytree.register_pytree_node` instead.
  _torch_pytree._register_pytree_node(
GRAPH_PANEL 8b_fp16_eager_sequence_decode_s1 0 3.62671
GRAPH_PANEL 8b_fp16_eager_sequence_decode_s1 10 3.62821
GRAPH_PANEL 8b_fp16_eager_sequence_decode_s1 20 3.62762
GRAPH_PANEL 8b_fp16_eager_sequence_decode_s1 30 3.62628
GRAPH_PANEL 8b_fp16_eager_sequence_decode_s1 40 3.62649
/projects/nar/nar-validation/e28-env/lib/python3.11/site-packages/transformers/utils/generic.py:441: FutureWarning: `torch.utils._pytree._register_pytree_node` is deprecated. Please use `torch.utils._pytree.register_pytree_node` instead.
  _torch_pytree._register_pytree_node(
/projects/nar/nar-validation/e28-env/lib/python3.11/site-packages/transformers/utils/generic.py:309: FutureWarning: `torch.utils._pytree._register_pytree_node` is deprecated. Please use `torch.utils._pytree.register_pytree_node` instead.
  _torch_pytree._register_pytree_node(
/projects/nar/nar-validation/e28-env/lib/python3.11/site-packages/transformers/utils/generic.py:309: FutureWarning: `torch.utils._pytree._register_pytree_node` is deprecated. Please use `torch.utils._pytree.register_pytree_node` instead.
  _torch_pytree._register_pytree_node(
GRAPH_PANEL 8b_fp16_cuda_graph_sequence_decode_s1 0 3.45956
GRAPH_PANEL 8b_fp16_cuda_graph_sequence_decode_s1 10 3.45978
GRAPH_PANEL 8b_fp16_cuda_graph_sequence_decode_s1 20 3.45948
GRAPH_PANEL 8b_fp16_cuda_graph_sequence_decode_s1 30 3.45954
GRAPH_PANEL 8b_fp16_cuda_graph_sequence_decode_s1 40 3.4595
/projects/nar/nar-validation/e28-env/lib/python3.11/site-packages/transformers/utils/generic.py:441: FutureWarning: `torch.utils._pytree._register_pytree_node` is deprecated. Please use `torch.utils._pytree.register_pytree_node` instead.
  _torch_pytree._register_pytree_node(
/projects/nar/nar-validation/e28-env/lib/python3.11/site-packages/transformers/utils/generic.py:309: FutureWarning: `torch.utils._pytree._register_pytree_node` is deprecated. Please use `torch.utils._pytree.register_pytree_node` instead.
  _torch_pytree._register_pytree_node(
/projects/nar/nar-validation/e28-env/lib/python3.11/site-packages/transformers/utils/generic.py:309: FutureWarning: `torch.utils._pytree._register_pytree_node` is deprecated. Please use `torch.utils._pytree.register_pytree_node` instead.
  _torch_pytree._register_pytree_node(
GRAPH_PANEL 8b_hadamard_eager_sequence_decode_s1 0 6.32791
GRAPH_PANEL 8b_hadamard_eager_sequence_decode_s1 10 6.33043
GRAPH_PANEL 8b_hadamard_eager_sequence_decode_s1 20 6.3141
GRAPH_PANEL 8b_hadamard_eager_sequence_decode_s1 30 6.3182
GRAPH_PANEL 8b_hadamard_eager_sequence_decode_s1 40 6.29248
/projects/nar/nar-validation/e28-env/lib/python3.11/site-packages/transformers/utils/generic.py:441: FutureWarning: `torch.utils._pytree._register_pytree_node` is deprecated. Please use `torch.utils._pytree.register_pytree_node` instead.
  _torch_pytree._register_pytree_node(
/projects/nar/nar-validation/e28-env/lib/python3.11/site-packages/transformers/utils/generic.py:309: FutureWarning: `torch.utils._pytree._register_pytree_node` is deprecated. Please use `torch.utils._pytree.register_pytree_node` instead.
  _torch_pytree._register_pytree_node(
/projects/nar/nar-validation/e28-env/lib/python3.11/site-packages/transformers/utils/generic.py:309: FutureWarning: `torch.utils._pytree._register_pytree_node` is deprecated. Please use `torch.utils._pytree.register_pytree_node` instead.
  _torch_pytree._register_pytree_node(
GRAPH_PANEL 8b_hadamard_cuda_graph_sequence_decode_s1 0 2.7732
GRAPH_PANEL 8b_hadamard_cuda_graph_sequence_decode_s1 10 2.77293
GRAPH_PANEL 8b_hadamard_cuda_graph_sequence_decode_s1 20 2.77279
GRAPH_PANEL 8b_hadamard_cuda_graph_sequence_decode_s1 30 2.77272
GRAPH_PANEL 8b_hadamard_cuda_graph_sequence_decode_s1 40 2.7728
/projects/nar/nar-validation/e28-env/lib/python3.11/site-packages/transformers/utils/generic.py:441: FutureWarning: `torch.utils._pytree._register_pytree_node` is deprecated. Please use `torch.utils._pytree.register_pytree_node` instead.
  _torch_pytree._register_pytree_node(
/projects/nar/nar-validation/e28-env/lib/python3.11/site-packages/transformers/utils/generic.py:309: FutureWarning: `torch.utils._pytree._register_pytree_node` is deprecated. Please use `torch.utils._pytree.register_pytree_node` instead.
  _torch_pytree._register_pytree_node(
/projects/nar/nar-validation/e28-env/lib/python3.11/site-packages/transformers/utils/generic.py:309: FutureWarning: `torch.utils._pytree._register_pytree_node` is deprecated. Please use `torch.utils._pytree.register_pytree_node` instead.
  _torch_pytree._register_pytree_node(
GRAPH_PANEL 8b_nar_eager_sequence_decode_s1 0 6.15887
GRAPH_PANEL 8b_nar_eager_sequence_decode_s1 10 6.12194
GRAPH_PANEL 8b_nar_eager_sequence_decode_s1 20 5.99349
GRAPH_PANEL 8b_nar_eager_sequence_decode_s1 30 5.93744
GRAPH_PANEL 8b_nar_eager_sequence_decode_s1 40 5.93021
/projects/nar/nar-validation/e28-env/lib/python3.11/site-packages/transformers/utils/generic.py:441: FutureWarning: `torch.utils._pytree._register_pytree_node` is deprecated. Please use `torch.utils._pytree.register_pytree_node` instead.
  _torch_pytree._register_pytree_node(
/projects/nar/nar-validation/e28-env/lib/python3.11/site-packages/transformers/utils/generic.py:309: FutureWarning: `torch.utils._pytree._register_pytree_node` is deprecated. Please use `torch.utils._pytree.register_pytree_node` instead.
  _torch_pytree._register_pytree_node(
/projects/nar/nar-validation/e28-env/lib/python3.11/site-packages/transformers/utils/generic.py:309: FutureWarning: `torch.utils._pytree._register_pytree_node` is deprecated. Please use `torch.utils._pytree.register_pytree_node` instead.
  _torch_pytree._register_pytree_node(
GRAPH_PANEL 8b_nar_cuda_graph_sequence_decode_s1 0 2.8369
GRAPH_PANEL 8b_nar_cuda_graph_sequence_decode_s1 10 2.83684
GRAPH_PANEL 8b_nar_cuda_graph_sequence_decode_s1 20 2.83712
GRAPH_PANEL 8b_nar_cuda_graph_sequence_decode_s1 30 2.83717
GRAPH_PANEL 8b_nar_cuda_graph_sequence_decode_s1 40 2.83718
COLLECT 36 groups 234 kernel rows
/projects/nar/nar-validation/e28-env/lib/python3.11/site-packages/transformers/utils/generic.py:441: FutureWarning: `torch.utils._pytree._register_pytree_node` is deprecated. Please use `torch.utils._pytree.register_pytree_node` instead.
  _torch_pytree._register_pytree_node(
/projects/nar/nar-validation/e28-env/lib/python3.11/site-packages/transformers/utils/generic.py:309: FutureWarning: `torch.utils._pytree._register_pytree_node` is deprecated. Please use `torch.utils._pytree.register_pytree_node` instead.
  _torch_pytree._register_pytree_node(
/projects/nar/nar-validation/e28-env/lib/python3.11/site-packages/transformers/utils/generic.py:309: FutureWarning: `torch.utils._pytree._register_pytree_node` is deprecated. Please use `torch.utils._pytree.register_pytree_node` instead.
  _torch_pytree._register_pytree_node(
GRAPH_PANEL 3b_hadamard_cuda_graph_sequence_decode_s2 0 1.95958
GRAPH_PANEL 3b_hadamard_cuda_graph_sequence_decode_s2 10 1.95952
GRAPH_PANEL 3b_hadamard_cuda_graph_sequence_decode_s2 20 1.9598
GRAPH_PANEL 3b_hadamard_cuda_graph_sequence_decode_s2 30 1.95968
GRAPH_PANEL 3b_hadamard_cuda_graph_sequence_decode_s2 40 1.95977
/projects/nar/nar-validation/e28-env/lib/python3.11/site-packages/transformers/utils/generic.py:441: FutureWarning: `torch.utils._pytree._register_pytree_node` is deprecated. Please use `torch.utils._pytree.register_pytree_node` instead.
  _torch_pytree._register_pytree_node(
/projects/nar/nar-validation/e28-env/lib/python3.11/site-packages/transformers/utils/generic.py:309: FutureWarning: `torch.utils._pytree._register_pytree_node` is deprecated. Please use `torch.utils._pytree.register_pytree_node` instead.
  _torch_pytree._register_pytree_node(
/projects/nar/nar-validation/e28-env/lib/python3.11/site-packages/transformers/utils/generic.py:309: FutureWarning: `torch.utils._pytree._register_pytree_node` is deprecated. Please use `torch.utils._pytree.register_pytree_node` instead.
  _torch_pytree._register_pytree_node(
GRAPH_PANEL 3b_hadamard_eager_sequence_decode_s2 0 5.21854
GRAPH_PANEL 3b_hadamard_eager_sequence_decode_s2 10 5.13
GRAPH_PANEL 3b_hadamard_eager_sequence_decode_s2 20 5.16888
GRAPH_PANEL 3b_hadamard_eager_sequence_decode_s2 30 5.1604
GRAPH_PANEL 3b_hadamard_eager_sequence_decode_s2 40 5.14649
/projects/nar/nar-validation/e28-env/lib/python3.11/site-packages/transformers/utils/generic.py:441: FutureWarning: `torch.utils._pytree._register_pytree_node` is deprecated. Please use `torch.utils._pytree.register_pytree_node` instead.
  _torch_pytree._register_pytree_node(
/projects/nar/nar-validation/e28-env/lib/python3.11/site-packages/transformers/utils/generic.py:309: FutureWarning: `torch.utils._pytree._register_pytree_node` is deprecated. Please use `torch.utils._pytree.register_pytree_node` instead.
  _torch_pytree._register_pytree_node(
/projects/nar/nar-validation/e28-env/lib/python3.11/site-packages/transformers/utils/generic.py:309: FutureWarning: `torch.utils._pytree._register_pytree_node` is deprecated. Please use `torch.utils._pytree.register_pytree_node` instead.
  _torch_pytree._register_pytree_node(
GRAPH_PANEL 3b_nar_cuda_graph_sequence_decode_s2 0 1.99805
GRAPH_PANEL 3b_nar_cuda_graph_sequence_decode_s2 10 1.998
GRAPH_PANEL 3b_nar_cuda_graph_sequence_decode_s2 20 1.99789
GRAPH_PANEL 3b_nar_cuda_graph_sequence_decode_s2 30 1.99811
GRAPH_PANEL 3b_nar_cuda_graph_sequence_decode_s2 40 1.99788
/projects/nar/nar-validation/e28-env/lib/python3.11/site-packages/transformers/utils/generic.py:441: FutureWarning: `torch.utils._pytree._register_pytree_node` is deprecated. Please use `torch.utils._pytree.register_pytree_node` instead.
  _torch_pytree._register_pytree_node(
/projects/nar/nar-validation/e28-env/lib/python3.11/site-packages/transformers/utils/generic.py:309: FutureWarning: `torch.utils._pytree._register_pytree_node` is deprecated. Please use `torch.utils._pytree.register_pytree_node` instead.
  _torch_pytree._register_pytree_node(
/projects/nar/nar-validation/e28-env/lib/python3.11/site-packages/transformers/utils/generic.py:309: FutureWarning: `torch.utils._pytree._register_pytree_node` is deprecated. Please use `torch.utils._pytree.register_pytree_node` instead.
  _torch_pytree._register_pytree_node(
GRAPH_PANEL 3b_nar_eager_sequence_decode_s2 0 5.22722
GRAPH_PANEL 3b_nar_eager_sequence_decode_s2 10 5.26311
GRAPH_PANEL 3b_nar_eager_sequence_decode_s2 20 5.39566
GRAPH_PANEL 3b_nar_eager_sequence_decode_s2 30 5.21885
GRAPH_PANEL 3b_nar_eager_sequence_decode_s2 40 5.12096
/projects/nar/nar-validation/e28-env/lib/python3.11/site-packages/transformers/utils/generic.py:441: FutureWarning: `torch.utils._pytree._register_pytree_node` is deprecated. Please use `torch.utils._pytree.register_pytree_node` instead.
  _torch_pytree._register_pytree_node(
/projects/nar/nar-validation/e28-env/lib/python3.11/site-packages/transformers/utils/generic.py:309: FutureWarning: `torch.utils._pytree._register_pytree_node` is deprecated. Please use `torch.utils._pytree.register_pytree_node` instead.
  _torch_pytree._register_pytree_node(
/projects/nar/nar-validation/e28-env/lib/python3.11/site-packages/transformers/utils/generic.py:309: FutureWarning: `torch.utils._pytree._register_pytree_node` is deprecated. Please use `torch.utils._pytree.register_pytree_node` instead.
  _torch_pytree._register_pytree_node(
GRAPH_PANEL 3b_fp16_cuda_graph_sequence_decode_s2 0 1.80453
GRAPH_PANEL 3b_fp16_cuda_graph_sequence_decode_s2 10 1.8046
GRAPH_PANEL 3b_fp16_cuda_graph_sequence_decode_s2 20 1.8042
GRAPH_PANEL 3b_fp16_cuda_graph_sequence_decode_s2 30 1.80435
GRAPH_PANEL 3b_fp16_cuda_graph_sequence_decode_s2 40 1.80431
/projects/nar/nar-validation/e28-env/lib/python3.11/site-packages/transformers/utils/generic.py:441: FutureWarning: `torch.utils._pytree._register_pytree_node` is deprecated. Please use `torch.utils._pytree.register_pytree_node` instead.
  _torch_pytree._register_pytree_node(
/projects/nar/nar-validation/e28-env/lib/python3.11/site-packages/transformers/utils/generic.py:309: FutureWarning: `torch.utils._pytree._register_pytree_node` is deprecated. Please use `torch.utils._pytree.register_pytree_node` instead.
  _torch_pytree._register_pytree_node(
/projects/nar/nar-validation/e28-env/lib/python3.11/site-packages/transformers/utils/generic.py:309: FutureWarning: `torch.utils._pytree._register_pytree_node` is deprecated. Please use `torch.utils._pytree.register_pytree_node` instead.
  _torch_pytree._register_pytree_node(
GRAPH_PANEL 3b_fp16_eager_sequence_decode_s2 0 2.63126
GRAPH_PANEL 3b_fp16_eager_sequence_decode_s2 10 2.63312
GRAPH_PANEL 3b_fp16_eager_sequence_decode_s2 20 2.6675
GRAPH_PANEL 3b_fp16_eager_sequence_decode_s2 30 2.64887
GRAPH_PANEL 3b_fp16_eager_sequence_decode_s2 40 2.63289
/projects/nar/nar-validation/e28-env/lib/python3.11/site-packages/transformers/utils/generic.py:441: FutureWarning: `torch.utils._pytree._register_pytree_node` is deprecated. Please use `torch.utils._pytree.register_pytree_node` instead.
  _torch_pytree._register_pytree_node(
/projects/nar/nar-validation/e28-env/lib/python3.11/site-packages/transformers/utils/generic.py:309: FutureWarning: `torch.utils._pytree._register_pytree_node` is deprecated. Please use `torch.utils._pytree.register_pytree_node` instead.
  _torch_pytree._register_pytree_node(
/projects/nar/nar-validation/e28-env/lib/python3.11/site-packages/transformers/utils/generic.py:309: FutureWarning: `torch.utils._pytree._register_pytree_node` is deprecated. Please use `torch.utils._pytree.register_pytree_node` instead.
  _torch_pytree._register_pytree_node(
GRAPH_PANEL 8b_hadamard_cuda_graph_sequence_decode_s2 0 2.77295
GRAPH_PANEL 8b_hadamard_cuda_graph_sequence_decode_s2 10 2.77195
GRAPH_PANEL 8b_hadamard_cuda_graph_sequence_decode_s2 20 2.77199
GRAPH_PANEL 8b_hadamard_cuda_graph_sequence_decode_s2 30 2.77198
GRAPH_PANEL 8b_hadamard_cuda_graph_sequence_decode_s2 40 2.77192
/projects/nar/nar-validation/e28-env/lib/python3.11/site-packages/transformers/utils/generic.py:441: FutureWarning: `torch.utils._pytree._register_pytree_node` is deprecated. Please use `torch.utils._pytree.register_pytree_node` instead.
  _torch_pytree._register_pytree_node(
/projects/nar/nar-validation/e28-env/lib/python3.11/site-packages/transformers/utils/generic.py:309: FutureWarning: `torch.utils._pytree._register_pytree_node` is deprecated. Please use `torch.utils._pytree.register_pytree_node` instead.
  _torch_pytree._register_pytree_node(
/projects/nar/nar-validation/e28-env/lib/python3.11/site-packages/transformers/utils/generic.py:309: FutureWarning: `torch.utils._pytree._register_pytree_node` is deprecated. Please use `torch.utils._pytree.register_pytree_node` instead.
  _torch_pytree._register_pytree_node(
GRAPH_PANEL 8b_hadamard_eager_sequence_decode_s2 0 6.3069
GRAPH_PANEL 8b_hadamard_eager_sequence_decode_s2 10 6.31146
GRAPH_PANEL 8b_hadamard_eager_sequence_decode_s2 20 6.29162
GRAPH_PANEL 8b_hadamard_eager_sequence_decode_s2 30 6.29796
GRAPH_PANEL 8b_hadamard_eager_sequence_decode_s2 40 6.44226
/projects/nar/nar-validation/e28-env/lib/python3.11/site-packages/transformers/utils/generic.py:441: FutureWarning: `torch.utils._pytree._register_pytree_node` is deprecated. Please use `torch.utils._pytree.register_pytree_node` instead.
  _torch_pytree._register_pytree_node(
/projects/nar/nar-validation/e28-env/lib/python3.11/site-packages/transformers/utils/generic.py:309: FutureWarning: `torch.utils._pytree._register_pytree_node` is deprecated. Please use `torch.utils._pytree.register_pytree_node` instead.
  _torch_pytree._register_pytree_node(
/projects/nar/nar-validation/e28-env/lib/python3.11/site-packages/transformers/utils/generic.py:309: FutureWarning: `torch.utils._pytree._register_pytree_node` is deprecated. Please use `torch.utils._pytree.register_pytree_node` instead.
  _torch_pytree._register_pytree_node(
GRAPH_PANEL 8b_nar_cuda_graph_sequence_decode_s2 0 2.83734
GRAPH_PANEL 8b_nar_cuda_graph_sequence_decode_s2 10 2.83718
GRAPH_PANEL 8b_nar_cuda_graph_sequence_decode_s2 20 2.83719
GRAPH_PANEL 8b_nar_cuda_graph_sequence_decode_s2 30 2.83716
GRAPH_PANEL 8b_nar_cuda_graph_sequence_decode_s2 40 2.83683
/projects/nar/nar-validation/e28-env/lib/python3.11/site-packages/transformers/utils/generic.py:441: FutureWarning: `torch.utils._pytree._register_pytree_node` is deprecated. Please use `torch.utils._pytree.register_pytree_node` instead.
  _torch_pytree._register_pytree_node(
/projects/nar/nar-validation/e28-env/lib/python3.11/site-packages/transformers/utils/generic.py:309: FutureWarning: `torch.utils._pytree._register_pytree_node` is deprecated. Please use `torch.utils._pytree.register_pytree_node` instead.
  _torch_pytree._register_pytree_node(
/projects/nar/nar-validation/e28-env/lib/python3.11/site-packages/transformers/utils/generic.py:309: FutureWarning: `torch.utils._pytree._register_pytree_node` is deprecated. Please use `torch.utils._pytree.register_pytree_node` instead.
  _torch_pytree._register_pytree_node(
GRAPH_PANEL 8b_nar_eager_sequence_decode_s2 0 6.03747
GRAPH_PANEL 8b_nar_eager_sequence_decode_s2 10 6.22122
GRAPH_PANEL 8b_nar_eager_sequence_decode_s2 20 6.18149
GRAPH_PANEL 8b_nar_eager_sequence_decode_s2 30 6.06659
GRAPH_PANEL 8b_nar_eager_sequence_decode_s2 40 6.13468
/projects/nar/nar-validation/e28-env/lib/python3.11/site-packages/transformers/utils/generic.py:441: FutureWarning: `torch.utils._pytree._register_pytree_node` is deprecated. Please use `torch.utils._pytree.register_pytree_node` instead.
  _torch_pytree._register_pytree_node(
/projects/nar/nar-validation/e28-env/lib/python3.11/site-packages/transformers/utils/generic.py:309: FutureWarning: `torch.utils._pytree._register_pytree_node` is deprecated. Please use `torch.utils._pytree.register_pytree_node` instead.
  _torch_pytree._register_pytree_node(
/projects/nar/nar-validation/e28-env/lib/python3.11/site-packages/transformers/utils/generic.py:309: FutureWarning: `torch.utils._pytree._register_pytree_node` is deprecated. Please use `torch.utils._pytree.register_pytree_node` instead.
  _torch_pytree._register_pytree_node(
GRAPH_PANEL 8b_fp16_cuda_graph_sequence_decode_s2 0 3.45992
GRAPH_PANEL 8b_fp16_cuda_graph_sequence_decode_s2 10 3.45981
GRAPH_PANEL 8b_fp16_cuda_graph_sequence_decode_s2 20 3.46002
GRAPH_PANEL 8b_fp16_cuda_graph_sequence_decode_s2 30 3.45999
GRAPH_PANEL 8b_fp16_cuda_graph_sequence_decode_s2 40 3.46006
/projects/nar/nar-validation/e28-env/lib/python3.11/site-packages/transformers/utils/generic.py:441: FutureWarning: `torch.utils._pytree._register_pytree_node` is deprecated. Please use `torch.utils._pytree.register_pytree_node` instead.
  _torch_pytree._register_pytree_node(
/projects/nar/nar-validation/e28-env/lib/python3.11/site-packages/transformers/utils/generic.py:309: FutureWarning: `torch.utils._pytree._register_pytree_node` is deprecated. Please use `torch.utils._pytree.register_pytree_node` instead.
  _torch_pytree._register_pytree_node(
/projects/nar/nar-validation/e28-env/lib/python3.11/site-packages/transformers/utils/generic.py:309: FutureWarning: `torch.utils._pytree._register_pytree_node` is deprecated. Please use `torch.utils._pytree.register_pytree_node` instead.
  _torch_pytree._register_pytree_node(
GRAPH_PANEL 8b_fp16_eager_sequence_decode_s2 0 3.62307
GRAPH_PANEL 8b_fp16_eager_sequence_decode_s2 10 3.62351
GRAPH_PANEL 8b_fp16_eager_sequence_decode_s2 20 3.62376
GRAPH_PANEL 8b_fp16_eager_sequence_decode_s2 30 3.62286
GRAPH_PANEL 8b_fp16_eager_sequence_decode_s2 40 3.62313
COLLECT 36 groups 234 kernel rows
/projects/nar/nar-validation/e28-env/lib/python3.11/site-packages/transformers/utils/generic.py:441: FutureWarning: `torch.utils._pytree._register_pytree_node` is deprecated. Please use `torch.utils._pytree.register_pytree_node` instead.
  _torch_pytree._register_pytree_node(
/projects/nar/nar-validation/e28-env/lib/python3.11/site-packages/transformers/utils/generic.py:309: FutureWarning: `torch.utils._pytree._register_pytree_node` is deprecated. Please use `torch.utils._pytree.register_pytree_node` instead.
  _torch_pytree._register_pytree_node(
/projects/nar/nar-validation/e28-env/lib/python3.11/site-packages/transformers/utils/generic.py:309: FutureWarning: `torch.utils._pytree._register_pytree_node` is deprecated. Please use `torch.utils._pytree.register_pytree_node` instead.
  _torch_pytree._register_pytree_node(
GRAPH_PANEL 3b_nar_eager_sequence_decode_s3 0 5.11551
GRAPH_PANEL 3b_nar_eager_sequence_decode_s3 10 5.0691
GRAPH_PANEL 3b_nar_eager_sequence_decode_s3 20 5.0897
GRAPH_PANEL 3b_nar_eager_sequence_decode_s3 30 5.14829
GRAPH_PANEL 3b_nar_eager_sequence_decode_s3 40 5.02487
/projects/nar/nar-validation/e28-env/lib/python3.11/site-packages/transformers/utils/generic.py:441: FutureWarning: `torch.utils._pytree._register_pytree_node` is deprecated. Please use `torch.utils._pytree.register_pytree_node` instead.
  _torch_pytree._register_pytree_node(
/projects/nar/nar-validation/e28-env/lib/python3.11/site-packages/transformers/utils/generic.py:309: FutureWarning: `torch.utils._pytree._register_pytree_node` is deprecated. Please use `torch.utils._pytree.register_pytree_node` instead.
  _torch_pytree._register_pytree_node(
/projects/nar/nar-validation/e28-env/lib/python3.11/site-packages/transformers/utils/generic.py:309: FutureWarning: `torch.utils._pytree._register_pytree_node` is deprecated. Please use `torch.utils._pytree.register_pytree_node` instead.
  _torch_pytree._register_pytree_node(
GRAPH_PANEL 3b_nar_cuda_graph_sequence_decode_s3 0 1.99837
GRAPH_PANEL 3b_nar_cuda_graph_sequence_decode_s3 10 1.99824
GRAPH_PANEL 3b_nar_cuda_graph_sequence_decode_s3 20 1.99827
GRAPH_PANEL 3b_nar_cuda_graph_sequence_decode_s3 30 1.99819
GRAPH_PANEL 3b_nar_cuda_graph_sequence_decode_s3 40 1.99823
/projects/nar/nar-validation/e28-env/lib/python3.11/site-packages/transformers/utils/generic.py:441: FutureWarning: `torch.utils._pytree._register_pytree_node` is deprecated. Please use `torch.utils._pytree.register_pytree_node` instead.
  _torch_pytree._register_pytree_node(
/projects/nar/nar-validation/e28-env/lib/python3.11/site-packages/transformers/utils/generic.py:309: FutureWarning: `torch.utils._pytree._register_pytree_node` is deprecated. Please use `torch.utils._pytree.register_pytree_node` instead.
  _torch_pytree._register_pytree_node(
/projects/nar/nar-validation/e28-env/lib/python3.11/site-packages/transformers/utils/generic.py:309: FutureWarning: `torch.utils._pytree._register_pytree_node` is deprecated. Please use `torch.utils._pytree.register_pytree_node` instead.
  _torch_pytree._register_pytree_node(
GRAPH_PANEL 3b_fp16_eager_sequence_decode_s3 0 2.53562
GRAPH_PANEL 3b_fp16_eager_sequence_decode_s3 10 2.55998
GRAPH_PANEL 3b_fp16_eager_sequence_decode_s3 20 2.50192
GRAPH_PANEL 3b_fp16_eager_sequence_decode_s3 30 2.49734
GRAPH_PANEL 3b_fp16_eager_sequence_decode_s3 40 2.51441
/projects/nar/nar-validation/e28-env/lib/python3.11/site-packages/transformers/utils/generic.py:441: FutureWarning: `torch.utils._pytree._register_pytree_node` is deprecated. Please use `torch.utils._pytree.register_pytree_node` instead.
  _torch_pytree._register_pytree_node(
/projects/nar/nar-validation/e28-env/lib/python3.11/site-packages/transformers/utils/generic.py:309: FutureWarning: `torch.utils._pytree._register_pytree_node` is deprecated. Please use `torch.utils._pytree.register_pytree_node` instead.
  _torch_pytree._register_pytree_node(
/projects/nar/nar-validation/e28-env/lib/python3.11/site-packages/transformers/utils/generic.py:309: FutureWarning: `torch.utils._pytree._register_pytree_node` is deprecated. Please use `torch.utils._pytree.register_pytree_node` instead.
  _torch_pytree._register_pytree_node(
GRAPH_PANEL 3b_fp16_cuda_graph_sequence_decode_s3 0 1.80457
GRAPH_PANEL 3b_fp16_cuda_graph_sequence_decode_s3 10 1.80455
GRAPH_PANEL 3b_fp16_cuda_graph_sequence_decode_s3 20 1.80449
GRAPH_PANEL 3b_fp16_cuda_graph_sequence_decode_s3 30 1.80438
GRAPH_PANEL 3b_fp16_cuda_graph_sequence_decode_s3 40 1.80452
/projects/nar/nar-validation/e28-env/lib/python3.11/site-packages/transformers/utils/generic.py:441: FutureWarning: `torch.utils._pytree._register_pytree_node` is deprecated. Please use `torch.utils._pytree.register_pytree_node` instead.
  _torch_pytree._register_pytree_node(
/projects/nar/nar-validation/e28-env/lib/python3.11/site-packages/transformers/utils/generic.py:309: FutureWarning: `torch.utils._pytree._register_pytree_node` is deprecated. Please use `torch.utils._pytree.register_pytree_node` instead.
  _torch_pytree._register_pytree_node(
/projects/nar/nar-validation/e28-env/lib/python3.11/site-packages/transformers/utils/generic.py:309: FutureWarning: `torch.utils._pytree._register_pytree_node` is deprecated. Please use `torch.utils._pytree.register_pytree_node` instead.
  _torch_pytree._register_pytree_node(
GRAPH_PANEL 3b_hadamard_eager_sequence_decode_s3 0 5.09387
GRAPH_PANEL 3b_hadamard_eager_sequence_decode_s3 10 5.0669
GRAPH_PANEL 3b_hadamard_eager_sequence_decode_s3 20 5.08953
GRAPH_PANEL 3b_hadamard_eager_sequence_decode_s3 30 5.11168
GRAPH_PANEL 3b_hadamard_eager_sequence_decode_s3 40 4.99405
/projects/nar/nar-validation/e28-env/lib/python3.11/site-packages/transformers/utils/generic.py:441: FutureWarning: `torch.utils._pytree._register_pytree_node` is deprecated. Please use `torch.utils._pytree.register_pytree_node` instead.
  _torch_pytree._register_pytree_node(
/projects/nar/nar-validation/e28-env/lib/python3.11/site-packages/transformers/utils/generic.py:309: FutureWarning: `torch.utils._pytree._register_pytree_node` is deprecated. Please use `torch.utils._pytree.register_pytree_node` instead.
  _torch_pytree._register_pytree_node(
/projects/nar/nar-validation/e28-env/lib/python3.11/site-packages/transformers/utils/generic.py:309: FutureWarning: `torch.utils._pytree._register_pytree_node` is deprecated. Please use `torch.utils._pytree.register_pytree_node` instead.
  _torch_pytree._register_pytree_node(
GRAPH_PANEL 3b_hadamard_cuda_graph_sequence_decode_s3 0 1.96002
GRAPH_PANEL 3b_hadamard_cuda_graph_sequence_decode_s3 10 1.9601
GRAPH_PANEL 3b_hadamard_cuda_graph_sequence_decode_s3 20 1.96016
GRAPH_PANEL 3b_hadamard_cuda_graph_sequence_decode_s3 30 1.96015
GRAPH_PANEL 3b_hadamard_cuda_graph_sequence_decode_s3 40 1.96012
/projects/nar/nar-validation/e28-env/lib/python3.11/site-packages/transformers/utils/generic.py:441: FutureWarning: `torch.utils._pytree._register_pytree_node` is deprecated. Please use `torch.utils._pytree.register_pytree_node` instead.
  _torch_pytree._register_pytree_node(
/projects/nar/nar-validation/e28-env/lib/python3.11/site-packages/transformers/utils/generic.py:309: FutureWarning: `torch.utils._pytree._register_pytree_node` is deprecated. Please use `torch.utils._pytree.register_pytree_node` instead.
  _torch_pytree._register_pytree_node(
/projects/nar/nar-validation/e28-env/lib/python3.11/site-packages/transformers/utils/generic.py:309: FutureWarning: `torch.utils._pytree._register_pytree_node` is deprecated. Please use `torch.utils._pytree.register_pytree_node` instead.
  _torch_pytree._register_pytree_node(
GRAPH_PANEL 8b_nar_eager_sequence_decode_s3 0 5.75641
GRAPH_PANEL 8b_nar_eager_sequence_decode_s3 10 5.85885
GRAPH_PANEL 8b_nar_eager_sequence_decode_s3 20 5.78811
GRAPH_PANEL 8b_nar_eager_sequence_decode_s3 30 5.72464
GRAPH_PANEL 8b_nar_eager_sequence_decode_s3 40 5.81082
/projects/nar/nar-validation/e28-env/lib/python3.11/site-packages/transformers/utils/generic.py:441: FutureWarning: `torch.utils._pytree._register_pytree_node` is deprecated. Please use `torch.utils._pytree.register_pytree_node` instead.
  _torch_pytree._register_pytree_node(
/projects/nar/nar-validation/e28-env/lib/python3.11/site-packages/transformers/utils/generic.py:309: FutureWarning: `torch.utils._pytree._register_pytree_node` is deprecated. Please use `torch.utils._pytree.register_pytree_node` instead.
  _torch_pytree._register_pytree_node(
/projects/nar/nar-validation/e28-env/lib/python3.11/site-packages/transformers/utils/generic.py:309: FutureWarning: `torch.utils._pytree._register_pytree_node` is deprecated. Please use `torch.utils._pytree.register_pytree_node` instead.
  _torch_pytree._register_pytree_node(
GRAPH_PANEL 8b_nar_cuda_graph_sequence_decode_s3 0 2.83714
GRAPH_PANEL 8b_nar_cuda_graph_sequence_decode_s3 10 2.83689
GRAPH_PANEL 8b_nar_cuda_graph_sequence_decode_s3 20 2.837
GRAPH_PANEL 8b_nar_cuda_graph_sequence_decode_s3 30 2.83684
GRAPH_PANEL 8b_nar_cuda_graph_sequence_decode_s3 40 2.83703
/projects/nar/nar-validation/e28-env/lib/python3.11/site-packages/transformers/utils/generic.py:441: FutureWarning: `torch.utils._pytree._register_pytree_node` is deprecated. Please use `torch.utils._pytree.register_pytree_node` instead.
  _torch_pytree._register_pytree_node(
/projects/nar/nar-validation/e28-env/lib/python3.11/site-packages/transformers/utils/generic.py:309: FutureWarning: `torch.utils._pytree._register_pytree_node` is deprecated. Please use `torch.utils._pytree.register_pytree_node` instead.
  _torch_pytree._register_pytree_node(
/projects/nar/nar-validation/e28-env/lib/python3.11/site-packages/transformers/utils/generic.py:309: FutureWarning: `torch.utils._pytree._register_pytree_node` is deprecated. Please use `torch.utils._pytree.register_pytree_node` instead.
  _torch_pytree._register_pytree_node(
GRAPH_PANEL 8b_fp16_eager_sequence_decode_s3 0 3.62595
GRAPH_PANEL 8b_fp16_eager_sequence_decode_s3 10 3.62618
GRAPH_PANEL 8b_fp16_eager_sequence_decode_s3 20 3.62618
GRAPH_PANEL 8b_fp16_eager_sequence_decode_s3 30 3.62641
GRAPH_PANEL 8b_fp16_eager_sequence_decode_s3 40 3.62603
/projects/nar/nar-validation/e28-env/lib/python3.11/site-packages/transformers/utils/generic.py:441: FutureWarning: `torch.utils._pytree._register_pytree_node` is deprecated. Please use `torch.utils._pytree.register_pytree_node` instead.
  _torch_pytree._register_pytree_node(
/projects/nar/nar-validation/e28-env/lib/python3.11/site-packages/transformers/utils/generic.py:309: FutureWarning: `torch.utils._pytree._register_pytree_node` is deprecated. Please use `torch.utils._pytree.register_pytree_node` instead.
  _torch_pytree._register_pytree_node(
/projects/nar/nar-validation/e28-env/lib/python3.11/site-packages/transformers/utils/generic.py:309: FutureWarning: `torch.utils._pytree._register_pytree_node` is deprecated. Please use `torch.utils._pytree.register_pytree_node` instead.
  _torch_pytree._register_pytree_node(
GRAPH_PANEL 8b_fp16_cuda_graph_sequence_decode_s3 0 3.45943
GRAPH_PANEL 8b_fp16_cuda_graph_sequence_decode_s3 10 3.45923
GRAPH_PANEL 8b_fp16_cuda_graph_sequence_decode_s3 20 3.45966
GRAPH_PANEL 8b_fp16_cuda_graph_sequence_decode_s3 30 3.45916
GRAPH_PANEL 8b_fp16_cuda_graph_sequence_decode_s3 40 3.45925
/projects/nar/nar-validation/e28-env/lib/python3.11/site-packages/transformers/utils/generic.py:441: FutureWarning: `torch.utils._pytree._register_pytree_node` is deprecated. Please use `torch.utils._pytree.register_pytree_node` instead.
  _torch_pytree._register_pytree_node(
/projects/nar/nar-validation/e28-env/lib/python3.11/site-packages/transformers/utils/generic.py:309: FutureWarning: `torch.utils._pytree._register_pytree_node` is deprecated. Please use `torch.utils._pytree.register_pytree_node` instead.
  _torch_pytree._register_pytree_node(
/projects/nar/nar-validation/e28-env/lib/python3.11/site-packages/transformers/utils/generic.py:309: FutureWarning: `torch.utils._pytree._register_pytree_node` is deprecated. Please use `torch.utils._pytree.register_pytree_node` instead.
  _torch_pytree._register_pytree_node(
GRAPH_PANEL 8b_hadamard_eager_sequence_decode_s3 0 6.22726
GRAPH_PANEL 8b_hadamard_eager_sequence_decode_s3 10 6.18214
GRAPH_PANEL 8b_hadamard_eager_sequence_decode_s3 20 6.12058
GRAPH_PANEL 8b_hadamard_eager_sequence_decode_s3 30 6.23948
GRAPH_PANEL 8b_hadamard_eager_sequence_decode_s3 40 6.11494
/projects/nar/nar-validation/e28-env/lib/python3.11/site-packages/transformers/utils/generic.py:441: FutureWarning: `torch.utils._pytree._register_pytree_node` is deprecated. Please use `torch.utils._pytree.register_pytree_node` instead.
  _torch_pytree._register_pytree_node(
/projects/nar/nar-validation/e28-env/lib/python3.11/site-packages/transformers/utils/generic.py:309: FutureWarning: `torch.utils._pytree._register_pytree_node` is deprecated. Please use `torch.utils._pytree.register_pytree_node` instead.
  _torch_pytree._register_pytree_node(
/projects/nar/nar-validation/e28-env/lib/python3.11/site-packages/transformers/utils/generic.py:309: FutureWarning: `torch.utils._pytree._register_pytree_node` is deprecated. Please use `torch.utils._pytree.register_pytree_node` instead.
  _torch_pytree._register_pytree_node(
GRAPH_PANEL 8b_hadamard_cuda_graph_sequence_decode_s3 0 2.77164
GRAPH_PANEL 8b_hadamard_cuda_graph_sequence_decode_s3 10 2.77163
GRAPH_PANEL 8b_hadamard_cuda_graph_sequence_decode_s3 20 2.77169
GRAPH_PANEL 8b_hadamard_cuda_graph_sequence_decode_s3 30 2.7716
GRAPH_PANEL 8b_hadamard_cuda_graph_sequence_decode_s3 40 2.77157
COLLECT 36 groups 234 kernel rows
COLLECT 36 groups 234 kernel rows
